Archive member included to satisfy reference by file (symbol)

/opt/st/stm32cubeide_1.15.1/plugins/com.st.stm32cube.ide.mcu.externaltools.gnu-tools-for-stm32.12.3.rel1.linux64_1.0.100.202403111256/tools/bin/../lib/gcc/arm-none-eabi/12.3.1/../../../../arm-none-eabi/lib/thumb/v7-m/nofp/libc_nano.a(libc_a-exit.o)
                              /opt/st/stm32cubeide_1.15.1/plugins/com.st.stm32cube.ide.mcu.externaltools.gnu-tools-for-stm32.12.3.rel1.linux64_1.0.100.202403111256/tools/bin/../lib/gcc/arm-none-eabi/12.3.1/../../../../arm-none-eabi/lib/thumb/v7-m/nofp/crt0.o (exit)
/opt/st/stm32cubeide_1.15.1/plugins/com.st.stm32cube.ide.mcu.externaltools.gnu-tools-for-stm32.12.3.rel1.linux64_1.0.100.202403111256/tools/bin/../lib/gcc/arm-none-eabi/12.3.1/../../../../arm-none-eabi/lib/thumb/v7-m/nofp/libc_nano.a(libc_a-findfp.o)
                              /opt/st/stm32cubeide_1.15.1/plugins/com.st.stm32cube.ide.mcu.externaltools.gnu-tools-for-stm32.12.3.rel1.linux64_1.0.100.202403111256/tools/bin/../lib/gcc/arm-none-eabi/12.3.1/../../../../arm-none-eabi/lib/thumb/v7-m/nofp/libc_nano.a(libc_a-exit.o) (__stdio_exit_handler)
/opt/st/stm32cubeide_1.15.1/plugins/com.st.stm32cube.ide.mcu.externaltools.gnu-tools-for-stm32.12.3.rel1.linux64_1.0.100.202403111256/tools/bin/../lib/gcc/arm-none-eabi/12.3.1/../../../../arm-none-eabi/lib/thumb/v7-m/nofp/libc_nano.a(libc_a-fwalk.o)
                              /opt/st/stm32cubeide_1.15.1/plugins/com.st.stm32cube.ide.mcu.externaltools.gnu-tools-for-stm32.12.3.rel1.linux64_1.0.100.202403111256/tools/bin/../lib/gcc/arm-none-eabi/12.3.1/../../../../arm-none-eabi/lib/thumb/v7-m/nofp/libc_nano.a(libc_a-findfp.o) (_fwalk_sglue)
/opt/st/stm32cubeide_1.15.1/plugins/com.st.stm32cube.ide.mcu.externaltools.gnu-tools-for-stm32.12.3.rel1.linux64_1.0.100.202403111256/tools/bin/../lib/gcc/arm-none-eabi/12.3.1/../../../../arm-none-eabi/lib/thumb/v7-m/nofp/libc_nano.a(libc_a-stdio.o)
                              /opt/st/stm32cubeide_1.15.1/plugins/com.st.stm32cube.ide.mcu.externaltools.gnu-tools-for-stm32.12.3.rel1.linux64_1.0.100.202403111256/tools/bin/../lib/gcc/arm-none-eabi/12.3.1/../../../../arm-none-eabi/lib/thumb/v7-m/nofp/libc_nano.a(libc_a-findfp.o) (__sread)
/opt/st/stm32cubeide_1.15.1/plugins/com.st.stm32cube.ide.mcu.externaltools.gnu-tools-for-stm32.12.3.rel1.linux64_1.0.100.202403111256/tools/bin/../lib/gcc/arm-none-eabi/12.3.1/../../../../arm-none-eabi/lib/thumb/v7-m/nofp/libc_nano.a(libc_a-memset.o)
                              /opt/st/stm32cubeide_1.15.1/plugins/com.st.stm32cube.ide.mcu.externaltools.gnu-tools-for-stm32.12.3.rel1.linux64_1.0.100.202403111256/tools/bin/../lib/gcc/arm-none-eabi/12.3.1/../../../../arm-none-eabi/lib/thumb/v7-m/nofp/crt0.o (memset)
/opt/st/stm32cubeide_1.15.1/plugins/com.st.stm32cube.ide.mcu.externaltools.gnu-tools-for-stm32.12.3.rel1.linux64_1.0.100.202403111256/tools/bin/../lib/gcc/arm-none-eabi/12.3.1/../../../../arm-none-eabi/lib/thumb/v7-m/nofp/libc_nano.a(libc_a-closer.o)
                              /opt/st/stm32cubeide_1.15.1/plugins/com.st.stm32cube.ide.mcu.externaltools.gnu-tools-for-stm32.12.3.rel1.linux64_1.0.100.202403111256/tools/bin/../lib/gcc/arm-none-eabi/12.3.1/../../../../arm-none-eabi/lib/thumb/v7-m/nofp/libc_nano.a(libc_a-stdio.o) (_close_r)
/opt/st/stm32cubeide_1.15.1/plugins/com.st.stm32cube.ide.mcu.externaltools.gnu-tools-for-stm32.12.3.rel1.linux64_1.0.100.202403111256/tools/bin/../lib/gcc/arm-none-eabi/12.3.1/../../../../arm-none-eabi/lib/thumb/v7-m/nofp/libc_nano.a(libc_a-reent.o)
                              /opt/st/stm32cubeide_1.15.1/plugins/com.st.stm32cube.ide.mcu.externaltools.gnu-tools-for-stm32.12.3.rel1.linux64_1.0.100.202403111256/tools/bin/../lib/gcc/arm-none-eabi/12.3.1/../../../../arm-none-eabi/lib/thumb/v7-m/nofp/libc_nano.a(libc_a-closer.o) (errno)
/opt/st/stm32cubeide_1.15.1/plugins/com.st.stm32cube.ide.mcu.externaltools.gnu-tools-for-stm32.12.3.rel1.linux64_1.0.100.202403111256/tools/bin/../lib/gcc/arm-none-eabi/12.3.1/../../../../arm-none-eabi/lib/thumb/v7-m/nofp/libc_nano.a(libc_a-impure.o)
                              /opt/st/stm32cubeide_1.15.1/plugins/com.st.stm32cube.ide.mcu.externaltools.gnu-tools-for-stm32.12.3.rel1.linux64_1.0.100.202403111256/tools/bin/../lib/gcc/arm-none-eabi/12.3.1/../../../../arm-none-eabi/lib/thumb/v7-m/nofp/libc_nano.a(libc_a-reent.o) (_impure_ptr)
/opt/st/stm32cubeide_1.15.1/plugins/com.st.stm32cube.ide.mcu.externaltools.gnu-tools-for-stm32.12.3.rel1.linux64_1.0.100.202403111256/tools/bin/../lib/gcc/arm-none-eabi/12.3.1/../../../../arm-none-eabi/lib/thumb/v7-m/nofp/libc_nano.a(libc_a-lseekr.o)
                              /opt/st/stm32cubeide_1.15.1/plugins/com.st.stm32cube.ide.mcu.externaltools.gnu-tools-for-stm32.12.3.rel1.linux64_1.0.100.202403111256/tools/bin/../lib/gcc/arm-none-eabi/12.3.1/../../../../arm-none-eabi/lib/thumb/v7-m/nofp/libc_nano.a(libc_a-stdio.o) (_lseek_r)
[...]
Memory Configuration

Name             Origin             Length             Attributes
RAM              0x20000000         0x00005000         xrw
FLASH            0x08000000         0x00010000         xr
*default*        0x00000000         0xffffffff

Linker script and memory map

LOAD /opt/st/stm32cubeide_1.15.1/plugins/com.st.stm32cube.ide.mcu.externaltools.gnu-tools-for-stm32.12.3.rel1.linux64_1.0.100.202403111256/tools/bin/../lib/gcc/arm-none-eabi/12.3.1/thumb/v7-m/nofp/crti.o
LOAD /opt/st/stm32cubeide_1.15.1/plugins/com.st.stm32cube.ide.mcu.externaltools.gnu-tools-for-stm32.12.3.rel1.linux64_1.0.100.202403111256/tools/bin/../lib/gcc/arm-none-eabi/12.3.1/thumb/v7-m/nofp/crtbegin.o
LOAD /opt/st/stm32cubeide_1.15.1/plugins/com.st.stm32cube.ide.mcu.externaltools.gnu-tools-for-stm32.12.3.rel1.linux64_1.0.100.202403111256/tools/bin/../lib/gcc/arm-none-eabi/12.3.1/../../../../arm-none-eabi/lib/thumb/v7-m/nofp/crt0.o
LOAD ./Src/I2C.o
LOAD ./Src/Oled.o
LOAD ./Src/Usart1_Bare_Metal_Custom_Lib.o
LOAD ./Src/dht11.o
LOAD ./Src/fonts.o
LOAD ./Src/main.o
LOAD ./Src/syscalls.o
LOAD ./Src/sysmem.o
LOAD ./Src/tim2.o
LOAD ./Startup/startup_stm32f103c8tx.o
START GROUP
LOAD /opt/st/stm32cubeide_1.15.1/plugins/com.st.stm32cube.ide.mcu.externaltools.gnu-tools-for-stm32.12.3.rel1.linux64_1.0.100.202403111256/tools/bin/../lib/gcc/arm-none-eabi/12.3.1/../../../../arm-none-eabi/lib/thumb/v7-m/nofp/libc_nano.a
LOAD /opt/st/stm32cubeide_1.15.1/plugins/com.st.stm32cube.ide.mcu.externaltools.gnu-tools-for-stm32.12.3.rel1.linux64_1.0.100.202403111256/tools/bin/../lib/gcc/arm-none-eabi/12.3.1/../../../../arm-none-eabi/lib/thumb/v7-m/nofp/libm.a
END GROUP
START GROUP
LOAD /opt/st/stm32cubeide_1.15.1/plugins/com.st.stm32cube.ide.mcu.externaltools.gnu-tools-for-stm32.12.3.rel1.linux64_1.0.100.202403111256/tools/bin/../lib/gcc/arm-none-eabi/12.3.1/thumb/v7-m/nofp/libgcc.a
LOAD /opt/st/stm32cubeide_1.15.1/plugins/com.st.stm32cube.ide.mcu.externaltools.gnu-tools-for-stm32.12.3.rel1.linux64_1.0.100.202403111256/tools/bin/../lib/gcc/arm-none-eabi/12.3.1/../../../../arm-none-eabi/lib/thumb/v7-m/nofp/libc_nano.a
END GROUP
START GROUP
LOAD /opt/st/stm32cubeide_1.15.1/plugins/com.st.stm32cube.ide.mcu.externaltools.gnu-tools-for-stm32.12.3.rel1.linux64_1.0.100.202403111256/tools/bin/../lib/gcc/arm-none-eabi/12.3.1/thumb/v7-m/nofp/libgcc.a
LOAD /opt/st/stm32cubeide_1.15.1/plugins/com.st.stm32cube.ide.mcu.externaltools.gnu-tools-for-stm32.12.3.rel1.linux64_1.0.100.202403111256/tools/bin/../lib/gcc/arm-none-eabi/12.3.1/../../../../arm-none-eabi/lib/thumb/v7-m/nofp/libc_nano.a
LOAD /opt/st/stm32cubeide_1.15.1/plugins/com.st.stm32cube.ide.mcu.externaltools.gnu-tools-for-stm32.12.3.rel1.linux64_1.0.100.202403111256/tools/bin/../lib/gcc/arm-none-eabi/12.3.1/../../../../arm-none-eabi/lib/thumb/v7-m/nofp/libnosys.a
END GROUP
START GROUP
LOAD /opt/st/stm32cubeide_1.15.1/plugins/com.st.stm32cube.ide.mcu.externaltools.gnu-tools-for-stm32.12.3.rel1.linux64_1.0.100.202403111256/tools/bin/../lib/gcc/arm-none-eabi/12.3.1/thumb/v7-m/nofp/libgcc.a
LOAD /opt/st/stm32cubeide_1.15.1/plugins/com.st.stm32cube.ide.mcu.externaltools.gnu-tools-for-stm32.12.3.rel1.linux64_1.0.100.202403111256/tools/bin/../lib/gcc/arm-none-eabi/12.3.1/../../../../arm-none-eabi/lib/thumb/v7-m/nofp/libc_nano.a
LOAD /opt/st/stm32cubeide_1.15.1/plugins/com.st.stm32cube.ide.mcu.externaltools.gnu-tools-for-stm32.12.3.rel1.linux64_1.0.100.202403111256/tools/bin/../lib/gcc/arm-none-eabi/12.3.1/../../../../arm-none-eabi/lib/thumb/v7-m/nofp/libnosys.a
END GROUP
LOAD /opt/st/stm32cubeide_1.15.1/plugins/com.st.stm32cube.ide.mcu.externaltools.gnu-tools-for-stm32.12.3.rel1.linux64_1.0.100.202403111256/tools/bin/../lib/gcc/arm-none-eabi/12.3.1/thumb/v7-m/nofp/crtend.o
LOAD /opt/st/stm32cubeide_1.15.1/plugins/com.st.stm32cube.ide.mcu.externaltools.gnu-tools-for-stm32.12.3.rel1.linux64_1.0.100.202403111256/tools/bin/../lib/gcc/arm-none-eabi/12.3.1/thumb/v7-m/nofp/crtn.o
                0x20005000                        _estack = (ORIGIN (RAM) + LENGTH (RAM))
                0x00000200                        _Min_Heap_Size = 0x200
                0x00000400                        _Min_Stack_Size = 0x400

.isr_vector     0x08000000      0x130
                0x08000000                        . = ALIGN (0x4)
 *(.isr_vector)
 .isr_vector    0x08000000      0x130 ./Startup/startup_stm32f103c8tx.o
                0x08000000                g_pfnVectors
                0x08000130                        . = ALIGN (0x4)

.text           0x08000130      0xc48
                0x08000130                        . = ALIGN (0x4)
 *(.text)
 .text          0x08000130       0x40 /opt/st/stm32cubeide_1.15.1/plugins/com.st.stm32cube.ide.mcu.externaltools.gnu-tools-for-stm32.12.3.rel1.linux64_1.0.100.202403111256/tools/bin/../lib/gcc/arm-none-eabi/12.3.1/thumb/v7-m/nofp/crtbegin.o
 *(.text*)
 .text.I2C1_setup
                0x08000170       0x74 ./Src/I2C.o
                0x08000170                I2C1_setup
 .text.I2C1_start
                0x080001e4       0x30 ./Src/I2C.o
                0x080001e4                I2C1_start
 .text.I2C1_stop
                0x08000214       0x1c ./Src/I2C.o
                0x08000214                I2C1_stop
 .text.I2C1_write
                0x08000230       0x30 ./Src/I2C.o
                0x08000230                I2C1_write
 .text.OLED_send_command
                0x08000260       0x2e ./Src/Oled.o
                0x08000260                OLED_send_command
 .text.OLED_send_data
                0x0800028e       0x2e ./Src/Oled.o
                0x0800028e                OLED_send_data
 .text.OLED_init
                0x080002bc       0xbc ./Src/Oled.o
                0x080002bc                OLED_init
 .text.OLED_Fill
                0x08000378       0x56 ./Src/Oled.o
                0x08000378                OLED_Fill
 *fill*         0x080003ce        0x2 
 .text.OLED_DrawChar
                0x080003d0       0x80 ./Src/Oled.o
                0x080003d0                OLED_DrawChar
 .text.OLED_DrawString
                0x08000450       0x60 ./Src/Oled.o
                0x08000450                OLED_DrawString
 .text.Oled_intro
                0x080004b0       0x32 ./Src/Oled.o
                0x080004b0                Oled_intro
 *fill*         0x080004e2        0x2 
 .text.OLED_info_dht11
                0x080004e4      0x104 ./Src/Oled.o
                0x080004e4                OLED_info_dht11
 .text.__NVIC_EnableIRQ
                0x080005e8       0x38 ./Src/Usart1_Bare_Metal_Custom_Lib.o
 .text.USART1_setup
                0x08000620       0x90 ./Src/Usart1_Bare_Metal_Custom_Lib.o
                0x08000620                USART1_setup
 .text.uart_write
                0x080006b0       0x40 ./Src/Usart1_Bare_Metal_Custom_Lib.o
                0x080006b0                uart_write
 .text.uart_info_dht11
                0x080006f0       0x90 ./Src/Usart1_Bare_Metal_Custom_Lib.o
                0x080006f0                uart_info_dht11
 .text.USART1_IRQHandler
                0x08000780       0x88 ./Src/Usart1_Bare_Metal_Custom_Lib.o
                0x08000780                USART1_IRQHandler
 .text.int_to_string
                0x08000808       0xb0 ./Src/Usart1_Bare_Metal_Custom_Lib.o
                0x08000808                int_to_string
 .text.dht11_setup
                0x080008b8       0x44 ./Src/dht11.o
                0x080008b8                dht11_setup
 .text.dht11_start
                0x080008fc       0x34 ./Src/dht11.o
                0x080008fc                dht11_start
 .text.dht11_ping
                0x08000930       0x6c ./Src/dht11.o
                0x08000930                dht11_ping
 .text.dht11_read
                0x0800099c       0x70 ./Src/dht11.o
                0x0800099c                dht11_read
 .text.main     0x08000a0c       0xb8 ./Src/main.o
                0x08000a0c                main
 .text.__NVIC_EnableIRQ
                0x08000ac4       0x38 ./Src/tim2.o
 .text.RCC_setup
                0x08000afc       0xbc ./Src/tim2.o
                0x08000afc                RCC_setup
 .text.TIM2_setup
                0x08000bb8       0x40 ./Src/tim2.o
                0x08000bb8                TIM2_setup
 .text.TIM2_delay_ms
                0x08000bf8       0x26 ./Src/tim2.o
                0x08000bf8                TIM2_delay_ms
 *fill*         0x08000c1e        0x2 
 .text.TIM2_delay_us
                0x08000c20       0x50 ./Src/tim2.o
                0x08000c20                TIM2_delay_us
 .text.TIM2_IRQHandler
                0x08000c70       0x54 ./Src/tim2.o
                0x08000c70                TIM2_IRQHandler
 .text.Reset_Handler
                0x08000cc4       0x50 ./Startup/startup_stm32f103c8tx.o
                0x08000cc4                Reset_Handler
 .text.Default_Handler
                0x08000d14        0x2 ./Startup/startup_stm32f103c8tx.o
                0x08000d14                EXTI2_IRQHandler
                0x08000d14                TIM8_TRG_COM_IRQHandler
                0x08000d14                TIM8_CC_IRQHandler
                0x08000d14                DebugMon_Handler
                0x08000d14                TIM1_CC_IRQHandler
                0x08000d14                HardFault_Handler
                0x08000d14                TIM6_IRQHandler
                0x08000d14                SysTick_Handler
                0x08000d14                PVD_IRQHandler
                0x08000d14                SDIO_IRQHandler
                0x08000d14                PendSV_Handler
                0x08000d14                NMI_Handler
                0x08000d14                EXTI3_IRQHandler
                0x08000d14                USB_HP_CAN_TX_IRQHandler
                0x08000d14                EXTI0_IRQHandler
                0x08000d14                I2C2_EV_IRQHandler
                0x08000d14                UsageFault_Handler
                0x08000d14                ADC1_2_IRQHandler
                0x08000d14                SPI1_IRQHandler
                0x08000d14                CAN_SCE_IRQHandler
                0x08000d14                TAMPER_IRQHandler
                0x08000d14                TIM8_UP_IRQHandler
                0x08000d14                DMA2_Channel2_IRQHandler
                0x08000d14                DMA1_Channel4_IRQHandler
                0x08000d14                USART3_IRQHandler
                0x08000d14                RTC_IRQHandler
                0x08000d14                DMA1_Channel7_IRQHandler
                0x08000d14                UART5_IRQHandler
                0x08000d14                ADC3_IRQHandler
                0x08000d14                TIM4_IRQHandler
                0x08000d14                CAN_RX1_IRQHandler
                0x08000d14                DMA2_Channel1_IRQHandler
                0x08000d14                I2C1_EV_IRQHandler
                0x08000d14                DMA1_Channel6_IRQHandler
                0x08000d14                UART4_IRQHandler
                0x08000d14                TIM3_IRQHandler
                0x08000d14                RCC_IRQHandler
                0x08000d14                TIM1_TRG_COM_IRQHandler
                0x08000d14                DMA1_Channel1_IRQHandler
                0x08000d14                Default_Handler
                0x08000d14                EXTI15_10_IRQHandler
                0x08000d14                TIM7_IRQHandler
                0x08000d14                TIM5_IRQHandler
                0x08000d14                EXTI9_5_IRQHandler
                0x08000d14                SPI2_IRQHandler
                0x08000d14                USB_LP_CAN_RX0_IRQHandler
                0x08000d14                MemManage_Handler
                0x08000d14                SVC_Handler
                0x08000d14                DMA1_Channel5_IRQHandler
                0x08000d14                EXTI4_IRQHandler
                0x08000d14                DMA1_Channel3_IRQHandler
                0x08000d14                FSMC_IRQHandler
                0x08000d14                TIM1_UP_IRQHandler
                0x08000d14                WWDG_IRQHandler
                0x08000d14                TIM1_BRK_IRQHandler
                0x08000d14                EXTI1_IRQHandler
                0x08000d14                RTCAlarm_IRQHandler
                0x08000d14                DMA2_Channel4_5_IRQHandler
                0x08000d14                USART2_IRQHandler
                0x08000d14                I2C2_ER_IRQHandler
                0x08000d14                DMA1_Channel2_IRQHandler
                0x08000d14                TIM8_BRK_IRQHandler
                0x08000d14                FLASH_IRQHandler
                0x08000d14                BusFault_Handler
                0x08000d14                SPI3_IRQHandler
                0x08000d14                I2C1_ER_IRQHandler
                0x08000d14                DMA2_Channel3_IRQHandler
 *fill*         0x08000d16        0x2 
 .text.__libc_init_array
                0x08000d18       0x48 /opt/st/stm32cubeide_1.15.1/plugins/com.st.stm32cube.ide.mcu.externaltools.gnu-tools-for-stm32.12.3.rel1.linux64_1.0.100.202403111256/tools/bin/../lib/gcc/arm-none-eabi/12.3.1/../../../../arm-none-eabi/lib/thumb/v7-m/nofp/libc_nano.a(libc_a-init.o)
                0x08000d18                __libc_init_array
 *(.glue_7)
 .glue_7        0x08000d60        0x0 linker stubs
 *(.glue_7t)
 .glue_7t       0x08000d60        0x0 linker stubs
 *(.eh_frame)
 .eh_frame      0x08000d60        0x0 /opt/st/stm32cubeide_1.15.1/plugins/com.st.stm32cube.ide.mcu.externaltools.gnu-tools-for-stm32.12.3.rel1.linux64_1.0.100.202403111256/tools/bin/../lib/gcc/arm-none-eabi/12.3.1/thumb/v7-m/nofp/crtbegin.o
 *(.init)
 .init          0x08000d60        0x4 /opt/st/stm32cubeide_1.15.1/plugins/com.st.stm32cube.ide.mcu.externaltools.gnu-tools-for-stm32.12.3.rel1.linux64_1.0.100.202403111256/tools/bin/../lib/gcc/arm-none-eabi/12.3.1/thumb/v7-m/nofp/crti.o
                0x08000d60                _init
 .init          0x08000d64        0x8 /opt/st/stm32cubeide_1.15.1/plugins/com.st.stm32cube.ide.mcu.externaltools.gnu-tools-for-stm32.12.3.rel1.linux64_1.0.100.202403111256/tools/bin/../lib/gcc/arm-none-eabi/12.3.1/thumb/v7-m/nofp/crtn.o
 *(.fini)
 .fini          0x08000d6c        0x4 /opt/st/stm32cubeide_1.15.1/plugins/com.st.stm32cube.ide.mcu.externaltools.gnu-tools-for-stm32.12.3.rel1.linux64_1.0.100.202403111256/tools/bin/../lib/gcc/arm-none-eabi/12.3.1/thumb/v7-m/nofp/crti.o
                0x08000d6c                _fini
 .fini          0x08000d70        0x8 /opt/st/stm32cubeide_1.15.1/plugins/com.st.stm32cube.ide.mcu.externaltools.gnu-tools-for-stm32.12.3.rel1.linux64_1.0.100.202403111256/tools/bin/../lib/gcc/arm-none-eabi/12.3.1/thumb/v7-m/nofp/crtn.o
                0x08000d78                        . = ALIGN (0x4)
                0x08000d78                        _etext = .

.vfp11_veneer   0x08000d78        0x0
 .vfp11_veneer  0x08000d78        0x0 linker stubs

.v4_bx          0x08000d78        0x0
 .v4_bx         0x08000d78        0x0 linker stubs

.iplt           0x08000d78        0x0
 .iplt          0x08000d78        0x0 /opt/st/stm32cubeide_1.15.1/plugins/com.st.stm32cube.ide.mcu.externaltools.gnu-tools-for-stm32.12.3.rel1.linux64_1.0.100.202403111256/tools/bin/../lib/gcc/arm-none-eabi/12.3.1/thumb/v7-m/nofp/crtbegin.o

.rodata         0x08000d78      0x1b8
                0x08000d78                        . = ALIGN (0x4)
 *(.rodata)
 .rodata        0x08000d78       0x24 ./Src/Oled.o
 .rodata        0x08000d9c       0x10 ./Src/Usart1_Bare_Metal_Custom_Lib.o
 .rodata        0x08000dac       0x3b ./Src/main.o
 *(.rodata*)
 *fill*         0x08000de7        0x1 
 .rodata.font5x7
                0x08000de8      0x145 ./Src/fonts.o
                0x08000de8                font5x7
                0x08000f30                        . = ALIGN (0x4)
 *fill*         0x08000f2d        0x3 

.rel.dyn        0x08000f30        0x0
 .rel.iplt      0x08000f30        0x0 /opt/st/stm32cubeide_1.15.1/plugins/com.st.stm32cube.ide.mcu.externaltools.gnu-tools-for-stm32.12.3.rel1.linux64_1.0.100.202403111256/tools/bin/../lib/gcc/arm-none-eabi/12.3.1/thumb/v7-m/nofp/crtbegin.o

.ARM.extab      0x08000f30        0x0
                0x08000f30                        . = ALIGN (0x4)
 *(.ARM.extab* .gnu.linkonce.armextab.*)
                0x08000f30                        . = ALIGN (0x4)

.ARM            0x08000f30        0x0
                0x08000f30                        . = ALIGN (0x4)
                0x08000f30                        __exidx_start = .
 *(.ARM.exidx*)
                0x08000f30                        __exidx_end = .
                0x08000f30                        . = ALIGN (0x4)

.preinit_array  0x08000f30        0x0
                0x08000f30                        . = ALIGN (0x4)
                0x08000f30                        PROVIDE (__preinit_array_start = .)
 *(.preinit_array*)
                0x08000f30                        PROVIDE (__preinit_array_end = .)
                0x08000f30                        . = ALIGN (0x4)

.init_array     0x08000f30        0x4
                0x08000f30                        . = ALIGN (0x4)
                0x08000f30                        PROVIDE (__init_array_start = .)
 *(SORT_BY_NAME(.init_array.*))
 *(.init_array*)
 .init_array    0x08000f30        0x4 /opt/st/stm32cubeide_1.15.1/plugins/com.st.stm32cube.ide.mcu.externaltools.gnu-tools-for-stm32.12.3.rel1.linux64_1.0.100.202403111256/tools/bin/../lib/gcc/arm-none-eabi/12.3.1/thumb/v7-m/nofp/crtbegin.o
                0x08000f34                        PROVIDE (__init_array_end = .)
                0x08000f34                        . = ALIGN (0x4)

.fini_array     0x08000f34        0x4
                0x08000f34                        . = ALIGN (0x4)
                [!provide]                        PROVIDE (__fini_array_start = .)
 *(SORT_BY_NAME(.fini_array.*))
 *(.fini_array*)
 .fini_array    0x08000f34        0x4 /opt/st/stm32cubeide_1.15.1/plugins/com.st.stm32cube.ide.mcu.externaltools.gnu-tools-for-stm32.12.3.rel1.linux64_1.0.100.202403111256/tools/bin/../lib/gcc/arm-none-eabi/12.3.1/thumb/v7-m/nofp/crtbegin.o
                [!provide]                        PROVIDE (__fini_array_end = .)
                0x08000f38                        . = ALIGN (0x4)
                0x08000f38                        _sidata = LOADADDR (.data)

.data           0x20000000        0x0 load address 0x08000f38
                0x20000000                        . = ALIGN (0x4)
                0x20000000                        _sdata = .
 *(.data)
 *(.data*)
 *(.RamFunc)
 *(.RamFunc*)
                0x20000000                        . = ALIGN (0x4)
                0x20000000                        _edata = .

.igot.plt       0x20000000        0x0 load address 0x08000f38
 .igot.plt      0x20000000        0x0 /opt/st/stm32cubeide_1.15.1/plugins/com.st.stm32cube.ide.mcu.externaltools.gnu-tools-for-stm32.12.3.rel1.linux64_1.0.100.202403111256/tools/bin/../lib/gcc/arm-none-eabi/12.3.1/thumb/v7-m/nofp/crtbegin.o
                0x20000000                        . = ALIGN (0x4)

.bss            0x20000000       0x38 load address 0x08000f38
                0x20000000                        _sbss = .
                0x20000000                        __bss_start__ = _sbss
 *(.bss)
 .bss           0x20000000       0x1c /opt/st/stm32cubeide_1.15.1/plugins/com.st.stm32cube.ide.mcu.externaltools.gnu-tools-for-stm32.12.3.rel1.linux64_1.0.100.202403111256/tools/bin/../lib/gcc/arm-none-eabi/12.3.1/thumb/v7-m/nofp/crtbegin.o
 *(.bss*)
 .bss.atual_x   0x2000001c        0x1 ./Src/Oled.o
                0x2000001c                atual_x
 .bss.atual_y   0x2000001d        0x1 ./Src/Oled.o
                0x2000001d                atual_y
 .bss.ch        0x2000001e        0x1 ./Src/Usart1_Bare_Metal_Custom_Lib.o
                0x2000001e                ch
 *fill*         0x2000001f        0x1 
 .bss.buffer    0x20000020       0x14 ./Src/Usart1_Bare_Metal_Custom_Lib.o
                0x20000020                buffer
 .bss.buffer_index
                0x20000034        0x1 ./Src/Usart1_Bare_Metal_Custom_Lib.o
                0x20000034                buffer_index
 .bss.flag      0x20000035        0x1 ./Src/tim2.o
                0x20000035                flag
 *(COMMON)
                0x20000038                        . = ALIGN (0x4)
 *fill*         0x20000036        0x2 
                0x20000038                        _ebss = .
                0x20000038                        __bss_end__ = _ebss

._user_heap_stack
                0x20000038      0x600 load address 0x08000f38
                0x20000038                        . = ALIGN (0x8)
                [!provide]                        PROVIDE (end = .)
                0x20000038                        PROVIDE (_end = .)
                0x20000238                        . = (. + _Min_Heap_Size)
 *fill*         0x20000038      0x200 
                0x20000638                        . = (. + _Min_Stack_Size)
 *fill*         0x20000238      0x400 
                0x20000638                        . = ALIGN (0x8)

/DISCARD/
 libc.a(*)
 libm.a(*)
 libgcc.a(*)

.ARM.attributes
                0x00000000       0x29
 *(.ARM.attributes)
 .ARM.attributes
                0x00000000       0x1d /opt/st/stm32cubeide_1.15.1/plugins/com.st.stm32cube.ide.mcu.externaltools.gnu-tools-for-stm32.12.3.rel1.linux64_1.0.100.202403111256/tools/bin/../lib/gcc/arm-none-eabi/12.3.1/thumb/v7-m/nofp/crti.o
 .ARM.attributes
                0x0000001d       0x2d /opt/st/stm32cubeide_1.15.1/plugins/com.st.stm32cube.ide.mcu.externaltools.gnu-tools-for-stm32.12.3.rel1.linux64_1.0.100.202403111256/tools/bin/../lib/gcc/arm-none-eabi/12.3.1/thumb/v7-m/nofp/crtbegin.o
 .ARM.attributes
                0x0000004a       0x2d ./Src/I2C.o
 .ARM.attributes
                0x00000077       0x2d ./Src/Oled.o
 .ARM.attributes
                0x000000a4       0x2d ./Src/Usart1_Bare_Metal_Custom_Lib.o
 .ARM.attributes
                0x000000d1       0x2d ./Src/dht11.o
 .ARM.attributes
                0x000000fe       0x2d ./Src/fonts.o
 .ARM.attributes
                0x0000012b       0x2d ./Src/main.o
 .ARM.attributes
                0x00000158       0x2d ./Src/tim2.o
 .ARM.attributes
                0x00000185       0x21 ./Startup/startup_stm32f103c8tx.o
 .ARM.attributes
                0x000001a6       0x2d /opt/st/stm32cubeide_1.15.1/plugins/com.st.stm32cube.ide.mcu.externaltools.gnu-tools-for-stm32.12.3.rel1.linux64_1.0.100.202403111256/tools/bin/../lib/gcc/arm-none-eabi/12.3.1/../../../../arm-none-eabi/lib/thumb/v7-m/nofp/libc_nano.a(libc_a-init.o)
 .ARM.attributes
                0x000001d3       0x1d /opt/st/stm32cubeide_1.15.1/plugins/com.st.stm32cube.ide.mcu.externaltools.gnu-tools-for-stm32.12.3.rel1.linux64_1.0.100.202403111256/tools/bin/../lib/gcc/arm-none-eabi/12.3.1/thumb/v7-m/nofp/crtn.o
OUTPUT(Projeto micro modularizado.elf elf32-littlearm)
LOAD linker stubs
LOAD /opt/st/stm32cubeide_1.15.1/plugins/com.st.stm32cube.ide.mcu.externaltools.gnu-tools-for-stm32.12.3.rel1.linux64_1.0.100.202403111256/tools/bin/../lib/gcc/arm-none-eabi/12.3.1/../../../../arm-none-eabi/lib/thumb/v7-m/nofp/libc.a
LOAD /opt/st/stm32cubeide_1.15.1/plugins/com.st.stm32cube.ide.mcu.externaltools.gnu-tools-for-stm32.12.3.rel1.linux64_1.0.100.202403111256/tools/bin/../lib/gcc/arm-none-eabi/12.3.1/../../../../arm-none-eabi/lib/thumb/v7-m/nofp/libm.a
LOAD /opt/st/stm32cubeide_1.15.1/plugins/com.st.stm32cube.ide.mcu.externaltools.gnu-tools-for-stm32.12.3.rel1.linux64_1.0.100.202403111256/tools/bin/../lib/gcc/arm-none-eabi/12.3.1/thumb/v7-m/nofp/libgcc.a

.debug_info     0x00000000     0x181a
 .debug_info    0x00000000      0x26e ./Src/I2C.o
 .debug_info    0x0000026e      0x317 ./Src/Oled.o
 .debug_info    0x00000585      0x61d ./Src/Usart1_Bare_Metal_Custom_Lib.o
 .debug_info    0x00000ba2      0x236 ./Src/dht11.o
 .debug_info    0x00000dd8      0x167 ./Src/fonts.o
 .debug_info    0x00000f3f      0x1d5 ./Src/main.o
 .debug_info    0x00001114      0x6d6 ./Src/tim2.o
 .debug_info    0x000017ea       0x30 ./Startup/startup_stm32f103c8tx.o

.debug_abbrev   0x00000000      0x8e8
 .debug_abbrev  0x00000000       0xd1 ./Src/I2C.o
 .debug_abbrev  0x000000d1      0x174 ./Src/Oled.o
 .debug_abbrev  0x00000245      0x208 ./Src/Usart1_Bare_Metal_Custom_Lib.o
 .debug_abbrev  0x0000044d      0x117 ./Src/dht11.o
 .debug_abbrev  0x00000564       0xaa ./Src/fonts.o
 .debug_abbrev  0x0000060e       0xd3 ./Src/main.o
 .debug_abbrev  0x000006e1      0x1e3 ./Src/tim2.o
 .debug_abbrev  0x000008c4       0x24 ./Startup/startup_stm32f103c8tx.o

.debug_aranges  0x00000000      0x1c0
 .debug_aranges
                0x00000000       0x38 ./Src/I2C.o
 .debug_aranges
                0x00000038       0x58 ./Src/Oled.o
 .debug_aranges
                0x00000090       0x48 ./Src/Usart1_Bare_Metal_Custom_Lib.o
 .debug_aranges
                0x000000d8       0x38 ./Src/dht11.o
 .debug_aranges
                0x00000110       0x18 ./Src/fonts.o
 .debug_aranges
                0x00000128       0x20 ./Src/main.o
 .debug_aranges
                0x00000148       0x50 ./Src/tim2.o
 .debug_aranges
                0x00000198       0x28 ./Startup/startup_stm32f103c8tx.o

.debug_rnglists
                0x00000000      0x124
 .debug_rnglists
                0x00000000       0x25 ./Src/I2C.o
 .debug_rnglists
                0x00000025       0x40 ./Src/Oled.o
 .debug_rnglists
                0x00000065       0x35 ./Src/Usart1_Bare_Metal_Custom_Lib.o
 .debug_rnglists
                0x0000009a       0x25 ./Src/dht11.o
 .debug_rnglists
                0x000000bf       0x14 ./Src/main.o
 .debug_rnglists
                0x000000d3       0x38 ./Src/tim2.o
 .debug_rnglists
                0x0000010b       0x19 ./Startup/startup_stm32f103c8tx.o

.debug_macro    0x00000000    0x10488
 .debug_macro   0x00000000       0xe0 ./Src/I2C.o
 .debug_macro   0x000000e0      0xab4 ./Src/I2C.o
 .debug_macro   0x00000b94       0x22 ./Src/I2C.o
 .debug_macro   0x00000bb6       0x8e ./Src/I2C.o
 .debug_macro   0x00000c44       0x51 ./Src/I2C.o
 .debug_macro   0x00000c95      0x103 ./Src/I2C.o
 .debug_macro   0x00000d98       0x6a ./Src/I2C.o
 .debug_macro   0x00000e02      0x1df ./Src/I2C.o
 .debug_macro   0x00000fe1       0x28 ./Src/I2C.o
 .debug_macro   0x00001009       0x22 ./Src/I2C.o
 .debug_macro   0x0000102b       0x1c ./Src/I2C.o
 .debug_macro   0x00001047       0x22 ./Src/I2C.o
 .debug_macro   0x00001069       0xbd ./Src/I2C.o
 .debug_macro   0x00001126      0xd23 ./Src/I2C.o
 .debug_macro   0x00001e49     0xe09e ./Src/I2C.o
 .debug_macro   0x0000fee7       0x6d ./Src/I2C.o
 .debug_macro   0x0000ff54      0x106 ./Src/Oled.o
 .debug_macro   0x0001005a       0xd2 ./Src/Usart1_Bare_Metal_Custom_Lib.o
 .debug_macro   0x0001012c       0xe6 ./Src/dht11.o
 .debug_macro   0x00010212       0xc6 ./Src/fonts.o
 .debug_macro   0x000102d8       0xee ./Src/main.o
 .debug_macro   0x000103c6       0xc2 ./Src/tim2.o

.debug_line     0x00000000     0x2983
 .debug_line    0x00000000      0x5ad ./Src/I2C.o
 .debug_line    0x000005ad      0x669 ./Src/Oled.o
 .debug_line    0x00000c16      0x6d0 ./Src/Usart1_Bare_Metal_Custom_Lib.o
 .debug_line    0x000012e6      0x605 ./Src/dht11.o
 .debug_line    0x000018eb      0x4c8 ./Src/fonts.o
 .debug_line    0x00001db3      0x538 ./Src/main.o
 .debug_line    0x000022eb      0x61d ./Src/tim2.o
 .debug_line    0x00002908       0x7b ./Startup/startup_stm32f103c8tx.o

.debug_str      0x00000000    0x54b64
 .debug_str     0x00000000    0x544cb ./Src/I2C.o
                              0x546fa (size before relaxing)
 .debug_str     0x000544cb      0x122 ./Src/Oled.o
                              0x5479a (size before relaxing)
 .debug_str     0x000545ed      0x380 ./Src/Usart1_Bare_Metal_Custom_Lib.o
                              0x54aae (size before relaxing)
 .debug_str     0x0005496d       0x7a ./Src/dht11.o
                              0x5471a (size before relaxing)
 .debug_str     0x000549e7       0x37 ./Src/fonts.o
                              0x5465e (size before relaxing)
 .debug_str     0x00054a1e       0x5f ./Src/main.o
                              0x5473d (size before relaxing)
 .debug_str     0x00054a7d       0xa8 ./Src/tim2.o
                              0x54abc (size before relaxing)
 .debug_str     0x00054b25       0x3f ./Startup/startup_stm32f103c8tx.o
                                 0x89 (size before relaxing)

.comment        0x00000000       0x43
 .comment       0x00000000       0x43 ./Src/I2C.o
                                 0x44 (size before relaxing)
 .comment       0x00000043       0x44 ./Src/Oled.o
 .comment       0x00000043       0x44 ./Src/Usart1_Bare_Metal_Custom_Lib.o
 .comment       0x00000043       0x44 ./Src/dht11.o
 .comment       0x00000043       0x44 ./Src/fonts.o
 .comment       0x00000043       0x44 ./Src/main.o
 .comment       0x00000043       0x44 ./Src/tim2.o

.debug_frame    0x00000000      0x49c
 .debug_frame   0x00000000       0x98 ./Src/I2C.o
 .debug_frame   0x00000098      0x124 ./Src/Oled.o
 .debug_frame   0x000001bc       0xe8 ./Src/Usart1_Bare_Metal_Custom_Lib.o
 .debug_frame   0x000002a4       0x94 ./Src/dht11.o
 .debug_frame   0x00000338       0x30 ./Src/main.o
 .debug_frame   0x00000368      0x108 ./Src/tim2.o
 .debug_frame   0x00000470       0x2c /opt/st/stm32cubeide_1.15.1/plugins/com.st.stm32cube.ide.mcu.externaltools.gnu-tools-for-stm32.12.3.rel1.linux64_1.0.100.202403111256/tools/bin/../lib/gcc/arm-none-eabi/12.3.1/../../../../arm-none-eabi/lib/thumb/v7-m/nofp/libc_nano.a(libc_a-init.o)

.debug_line_str
                0x00000000       0x6d
 .debug_line_str
                0x00000000       0x6d ./Startup/startup_stm32f103c8tx.o
