/home/juan/STM32CubeIDE/workspace_1.15.1/Projeto final micro 2024 bare metal/F1_Header/Include/core_cm3.h:1511:22:__NVIC_EnableIRQ	16	static
../Src/main.c:188:5:main	16	static
../Src/main.c:248:6:debug	4	static
../Src/main.c:265:6:RCC_setup	4	static
../Src/main.c:298:6:USART1_setup	8	static
../Src/main.c:329:6:uart_write	16	static
../Src/main.c:341:6:uart_info_dht11	24	static
../Src/main.c:359:6:int_to_string	32	static
../Src/main.c:379:6:USART1_IRQHandler	8	static
../Src/main.c:417:6:TIM2_setup	8	static
../Src/main.c:438:6:TIM2_delay_ms	16	static
../Src/main.c:447:6:TIM2_delay_us	16	static
../Src/main.c:464:6:TIM2_start_stop	16	static
../Src/main.c:477:6:TIM2_IRQHandler	4	static
../Src/main.c:491:6:dht11_setup	4	static
../Src/main.c:502:6:dht11_start	8	static
../Src/main.c:514:9:dht11_ping	16	static
../Src/main.c:547:9:dht11_read	16	static
../Src/main.c:572:6:I2C1_setup	4	static
../Src/main.c:591:6:I2C1_start	4	static
../Src/main.c:602:6:I2C1_stop	4	static
../Src/main.c:608:6:I2C1_write	16	static
../Src/main.c:619:6:OLED_send_command	16	static
../Src/main.c:635:6:OLED_send_data	16	static
../Src/main.c:648:6:OLED_init	8	static
../Src/main.c:682:6:OLED_Fill	24	static
../Src/main.c:701:6:OLED_DrawChar	24	static
../Src/main.c:714:6:OLED_DrawString	16	static
../Src/main.c:727:6:Oled_intro	8	static
../Src/main.c:737:6:OLED_info_dht11	32	static
../Src/main.c:767:6:intToString	32	static
